
Name of the output file: dat_out.txt

Name of the geometry file: meio.vtk

Pixel dimension = 1 m

Number of steps: 30000

Number of files: 0

Number of threads: 1

Relaxation time: 0.51

Kinematic viscosity = 0.00333333

Relaxation time (non-hidrodynamic): 1

Density: 1

Relaxation time (Red): 0.51 => viscosity R = 0.00333333

Relaxation time (Blue): 0.51 => viscosity B = 0.00333333

Relaxation time (mixture): 1

Initial density (Red): 1

Initial density (Blue): 1

Interfacial factor[0;0.4]: 2.20588

Interaction factor (Red) [0;0.4]: 0

Interaction factor (Blue) [0;0.4]: 0

Recolloring factor[0;1]: 0.8

Red_wall interaction [0.0 ; 1.0] : 0

Tamanho:  x = 100;  y = 100;  z = 1

Operadores de tensao interfacial -- arcabouco comum ( D3Q19, BGK, Latva-Kokko )
   operador          = P3   chi = 0.5
   caixa             = 100 x 100 x 1
   raio inicial      = 25
   tau               = 0.51   ( nu = 0.00333333 )
   beta              = 0.8
   fat_R_B           = 2.20588   ( = A )
   sigma nominal     = 0.5
   v0                = 0
Step : 0step = 0   R = 25.0405   sigma = -5.56011e-15   |u|max = 2.50185e-17   a4 = 9.52226e-05   neg = 1856        
Step : 100Step : 200Step : 300Step : 400Step : 500step = 500   R = 24.8314   sigma = 0.105881   |u|max = 0.141195   a4 = 0.000748566   neg = 120        
Step : 600Step : 700Step : 800Step : 900Step : 1000
Simulacao instavel no passo 1000


================ Resultado ================
   estado            = instavel
   sigma ( media )   = nan   ( nominal 0.5 )
   |u|max ( media )  = nan   |u|max / sigma = nan
   populacoes < 0    = 1856 ( total )  4096 ( cor )
   MLUPS             = 0.953085
